// Jest Snapshot v1, https://goo.gl/fbAQLP

exports[`Check if Item component has changed 1`] = `
<div
  className="App"
>
  <div
    className="header"
  >
    <a
      href="/"
      onClick={[Function]}
    >
      <img
        alt="left arrow"
        src="leftArrow.svg"
      />
    </a>
    <span>
      Country facts
    </span>
    <div>
      <img
        alt="microphone"
        src="mic.svg"
      />
      <img
        alt="three dots"
        src="threeDots.svg"
      />
    </div>
  </div>
  <div>
    <div
      className="dropDown"
    >
      <select
        name="drop-down"
        onChange={[Function]}
      >
        <option
          value="all"
        >
          All
        </option>
        <option
          value="Asia"
        >
          Asia
        </option>
        <option
          value="Africa"
        >
          Africa
        </option>
        <option
          value="Americas"
        >
          America
        </option>
        <option
          value="Europe"
        >
          Europe
        </option>
        <option
          value="Oceania"
        >
          Oceania
        </option>
      </select>
    </div>
    <div
      className="container"
    />
  </div>
</div>
`;
