// Jest Snapshot v1, https://goo.gl/fbAQLP

exports[`Check if the component has changed 1`] = `
Array [
  <div
    data-testid="home-container"
  >
    <div
      className="dropDown"
    >
      <select
        name="drop-down"
        onChange={[Function]}
      >
        <option
          value="all"
        >
          All
        </option>
        <option
          value="Asia"
        >
          Asia
        </option>
        <option
          value="Africa"
        >
          Africa
        </option>
        <option
          value="Americas"
        >
          America
        </option>
        <option
          value="Europe"
        >
          Europe
        </option>
        <option
          value="Oceania"
        >
          Oceania
        </option>
      </select>
    </div>
    <div
      className="container"
      data-testid="countryList-container"
    />
  </div>,
  ",",
]
`;
